// Jest Snapshot v1, https://goo.gl/fbAQLP

exports[`FormTaskComplete should match snapshot 1`] = `"<form class=\\"user\\"><fieldset><legend>Personal Info</legend><label>First Name: <input type=\\"text\\" name=\\"name\\" required=\\"\\"/></label><label>Last Name: <input type=\\"text\\" name=\\"lastname\\" required=\\"\\"/></label><label>Birthday: <input type=\\"text\\" name=\\"birthday\\" placeholder=\\"YYYY-MM-DD\\"/></label></fieldset><fieldset><legend>User Management</legend><label>User Type: <input type=\\"text\\" name=\\"usertype\\"/></label><label>User Inactivity Date: <input type=\\"date\\" name=\\"inactivityDate\\"/></label></fieldset><button>Save</button></form>"`;
