// Jest Snapshot v1, https://goo.gl/fbAQLP

exports[`FormTaskComplete should match snapshot 1`] = `"<form class=\\"form\\"><fieldset><legend>Personal Info</legend><div class=\\"form__input-field\\"><label>First Name:<input type=\\"text\\" name=\\"username\\" value=\\"\\" required=\\"\\"/></label></div><div class=\\"form__input-field\\"><label>Last Name:<input type=\\"text\\" name=\\"lastname\\" value=\\"\\" required=\\"\\"/></label></div><div class=\\"form__input-field\\"><label>Birthday:<input type=\\"text\\" name=\\"birthday\\" value=\\"\\" required=\\"\\"/></label></div></fieldset><fieldset><legend>User Management</legend><label>User Type: <input type=\\"text\\" name=\\"usertype\\"/></label><label>User Inactivity Date: <input type=\\"text\\" name=\\"inactivityDate\\" placeholder=\\"YYYY-MM-DD\\"/></label></fieldset><button>Save</button></form>"`;
