// Jest Snapshot v1, https://goo.gl/fbAQLP

exports[`CheckBox component should match to snapshot 1`] = `"<div class=\\"form__fieldbox\\"><label for=\\"usertype\\" class=\\"form__label\\">User type<input type=\\"checkbox\\" class=\\"form__input_checkbox\\" name=\\"usertype\\" value=\\"\\"/><span></span></label></div>"`;
