// Jest Snapshot v1, https://goo.gl/fbAQLP

exports[`InputField component should match to snapshot 1`] = `"<div class=\\"form__fieldbox\\"><label for=\\"username\\" class=\\"form__label\\">Username<input type=\\"text\\" class=\\"form__input_text null\\" name=\\"username\\" value=\\"\\" placeholder=\\"enter text\\"/></label></div>"`;
